embark_host_tour.exe : [34m[info] [host_display.cpp:97 init] 显示：SDL 窗口 240×320，可绘制区 240×320（放大 1×，纹理 RGB565）[0m
所在位置 行:1 字符: 372
+ ... TEXITCODE"; & 'build\platform\host\embark_host_tour.exe' 2>&1 | Out-F ...
+                 ~~~~~~~~~~~~~~~~~~~~~~~~~~~~~~~~~~~~~~~~~~~~~~~~~
    + CategoryInfo          : NotSpecified: ([34m[info] [ho...，纹理 RGB565）[0m:String) [], RemoteException
    + FullyQualifiedErrorId : NativeCommandError
 
[34m[info] [ui_tour.cpp:241 ui_main]  显示 embark::hal::DisplayInfo { width = 240, height = 320, format = embark::hal::P
ixelFormat::rgb565, stride_bytes = 480 }，输入 就绪[0m
[34m[info] [ui_tour.cpp:242 ui_main]  持久化位置 E:\01_Workspace\00_Active_projects\00_code\0_embedded_project\0_esp32_proj
ect\simulation_project_development\build\platform\host\embark_host_kv.bin[0m
[34m[info] [ui_tour.cpp:245 ui_main] ===== 第 3 步 / 框架 boot（唯一 UI 任务 + App 注册表）=====[0m
[34m[info] [demo_apps.cpp:80 onCreate] App clock onCreate（后台策略 = tick 100 ms）[0m
[34m[info] [demo_apps.cpp:147 enter_blinking_on] clock 状态机 -> led on[0m
[34m[info] [demo_apps.cpp:176 onCreate] App settings onCreate（后台策略 = suspend）[0m
[34m[info] [demo_apps.cpp:239 onCreate] App ticker onCreate（own_task，周期 50 ms，栈 256 字，优先级 4）[0m
[34m[info] [hello_app.cpp:17 onCreate] App hello onCreate[0m
[34m[info] [demo_apps.cpp:283 onCreate] App job onCreate（own_task，period_ms = 0：跑完即结束）[0m
[34m[info] [demo_apps.cpp:102 onEnter] App clock 进入前台（enter 1, resume 0, 累计 1 次）[0m
[34m[info] [framework.cpp:61 boot] App clock 后台配置 embark::AppSettings { background = embark::BackgroundPolicy::tick, p
eriod_ms = 100, task_stack_words = 0, task_priority = 0 }[0m
[34m[info] [framework.cpp:61 boot] App settings 后台配置 embark::AppSettings { background = embark::BackgroundPolicy::susp
end, period_ms = 0, task_stack_words = 0, task_priority = 0 }[0m
[34m[info] [framework.cpp:61 boot] App ticker 后台配置 embark::AppSettings { background = embark::BackgroundPolicy::own_ta
sk, period_ms = 50, task_stack_words = 256, task_priority = 4 }[0m
[34m[info] [framework.cpp:61 boot] App hello 后台配置 embark::AppSettings { background = embark::BackgroundPolicy::suspend
, period_ms = 0, task_stack_words = 0, task_priority = 0 }[0m
[34m[info] [framework.cpp:61 boot] App job 后台配置 embark::AppSettings { background = embark::BackgroundPolicy::own_task,
 period_ms = 0, task_stack_words = 256, task_priority = 4 }[0m
[34m[info] [ui_tour.cpp:258 ui_main]  App[0] clock：tick（框架定时器驱动 onBackgroundTick），前台（拿到事件循环）[0m
[34m[info] [ui_tour.cpp:268 ui_main]         └ 后台节拍 100 ms（框架定时器驱动，不占 UI 任务）[0m
[34m[info] [ui_tour.cpp:258 ui_main]  App[1] settings：suspend（退场即挂起，不再被叫），待命[0m
[34m[info] [ui_tour.cpp:270 ui_main]         └ 退场后不再被调度（v1 里 App 常驻，只是让出前台）[0m
[34m[info] [ui_tour.cpp:258 ui_main]  App[2] ticker：own_task（独占一个 FreeRTOS 任务），待命，自有任务栈[0m
[34m[info] [ui_tour.cpp:265 ui_main]         └ 自有任务：周期 50 ms、栈 256 字、优先级 4[0m
[34m[info] [ui_tour.cpp:258 ui_main]  App[3] hello：suspend（退场即挂起，不再被叫），待命[0m
[34m[info] [ui_tour.cpp:270 ui_main]         └ 退场后不再被调度（v1 里 App 常驻，只是让出前台）[0m
[34m[info] [ui_tour.cpp:258 ui_main]  App[4] job：own_task（独占一个 FreeRTOS 任务），待命，自有任务栈[0m
[34m[info] [ui_tour.cpp:262 ui_main]         └ 一次性任务：跑完即结束、槽位由框架回收，栈 256 字、优先级 4[0m
[34m[info] [ui_tour.cpp:273 ui_main]  系统里只有一条 UI 任务，App 是逻辑模块；当前 FreeRTOS 任务数 4[0m
[34m[info] [ui_tour.cpp:286 ui_main] ===== 第 4 步 / 进入 UI 循环（每帧：喂时间 → 喂输入 → 执行待办切换 → 渲染）=====[0m
[34m[info] [ui_tour.cpp:287 ui_main]  检查点：后台节拍（clock 的 onBackgroundTick 由定时器驱动）[0m
[34m[info] [demo_apps.cpp:300 onBackgroundTick] job 后台任务：第 1 轮跑完（now=366 ms）—— 入口即将返回，槽位等 UI 任务回收[0m
[34m[info] [demo_apps.cpp:259 onBackgroundTick] ticker 后台任务：embark::CrossTaskMessage { from_app = 2, seq = 1 }（now=419
 ms）[0m
[34m[info] [demo_apps.cpp:270 onMessage] UI 收到 ticker 消息：embark::CrossTaskMessage { from_app = 2, seq = 1 }，累计收 1 条[0
m
[34m[info] [demo_apps.cpp:259 onBackgroundTick] ticker 后台任务：embark::CrossTaskMessage { from_app = 2, seq = 2 }（now=478
 ms）[0m
[34m[info] [demo_apps.cpp:270 onMessage] UI 收到 ticker 消息：embark::CrossTaskMessage { from_app = 2, seq = 2 }，累计收 2 条[0
m
[34m[info] [demo_apps.cpp:259 onBackgroundTick] ticker 后台任务：embark::CrossTaskMessage { from_app = 2, seq = 3 }（now=543
 ms）[0m
[34m[info] [demo_apps.cpp:152 enter_blinking_off] clock 状态机 -> led off[0m
[34m[info] [demo_apps.cpp:270 onMessage] UI 收到 ticker 消息：embark::CrossTaskMessage { from_app = 2, seq = 3 }，累计收 3 条[0
m
[34m[info] [ui_tour.cpp:323 ui_main]  第 1 次采样（第 24 帧）：clock ticks = 1，前台仍是 clock[0m
[34m[info] [demo_apps.cpp:259 onBackgroundTick] ticker 后台任务：embark::CrossTaskMessage { from_app = 2, seq = 4 }（now=604
 ms）[0m
[34m[info] [demo_apps.cpp:270 onMessage] UI 收到 ticker 消息：embark::CrossTaskMessage { from_app = 2, seq = 4 }，累计收 4 条[0
m
[34m[info] [ui_tour.cpp:332 ui_main] ===== 第 5 步 / 前台切换 #1：合成点击 "Settings" (120,220) =====[0m
[34m[info] [ui_tour.cpp:334 ui_main]  预期：clock 让出前台（onPause）→ settings 首次进场（onEnter），切换计数 +1[0m
[34m[info] [demo_apps.cpp:259 onBackgroundTick] ticker 后台任务：embark::CrossTaskMessage { from_app = 2, seq = 5 }（now=667
 ms）[0m
[34m[info] [demo_apps.cpp:270 onMessage] UI 收到 ticker 消息：embark::CrossTaskMessage { from_app = 2, seq = 5 }，累计收 5 条[0
m
[34m[info] [demo_apps.cpp:169 on_settings_button] 请求切到 SettingsApp：embark::Error::none[0m
[34m[info] [demo_apps.cpp:108 onPause] App clock 离开前台（enter 1, resume 0）[0m
[34m[info] [demo_apps.cpp:197 onEnter] App settings 进入前台（enter 1, resume 0, 累计 1 次）[0m
[34m[info] [ui_tour.cpp:308 ui_main] ◆ 前台切换完成（第 34 帧，累计 1 次）：现在前台是 settings[0m
[34m[info] [ui_tour.cpp:310 ui_main]    钩子序：clock enter/resume = 1/0，settings enter/resume = 1/0[0m
[34m[info] [demo_apps.cpp:259 onBackgroundTick] ticker 后台任务：embark::CrossTaskMessage { from_app = 2, seq = 6 }（now=729
 ms）[0m
[34m[info] [demo_apps.cpp:270 onMessage] UI 收到 ticker 消息：embark::CrossTaskMessage { from_app = 2, seq = 6 }，累计收 6 条[0
m
[34m[info] [demo_apps.cpp:147 enter_blinking_on] clock 状态机 -> led on[0m
[34m[info] [ui_tour.cpp:344 ui_main] ===== 第 6 步 / App 间消息：点 settings 屏的 "Level +1" (120,220) =====[0m
[34m[info] [ui_tour.cpp:346 ui_main]  预期：settings 广播亮度消息 → 后台的 clock 收到，brightness 变 1[0m
[34m[info] [demo_apps.cpp:136 onMessage] clock 收到 BrightnessMessage：亮度档 -> 1[0m
[34m[info] [demo_apps.cpp:222 on_level_plus] 设置页：亮度档 -> 1（已广播 BrightnessMessage）[0m
[34m[info] [ui_tour.cpp:316 ui_main] ◆ App 间消息到达（第 43 帧）：clock（此刻在后台）的 brightness = 1[0m
[34m[info] [demo_apps.cpp:259 onBackgroundTick] ticker 后台任务：embark::CrossTaskMessage { from_app = 2, seq = 7 }（now=793
 ms）[0m
[34m[info] [demo_apps.cpp:270 onMessage] UI 收到 ticker 消息：embark::CrossTaskMessage { from_app = 2, seq = 7 }，累计收 7 条[0
m
[34m[info] [ui_tour.cpp:356 ui_main] ===== 第 7 步 / 前台切换 #2：点 "Back to clock" (120,265) =====[0m
[34m[info] [ui_tour.cpp:358 ui_main]  预期：settings 让出前台（onPause）→ clock 走 onResume（它没退场），切换计数 +1[0m
[34m[info] [demo_apps.cpp:259 onBackgroundTick] ticker 后台任务：embark::CrossTaskMessage { from_app = 2, seq = 8 }（now=855
 ms）[0m
[34m[info] [demo_apps.cpp:270 onMessage] UI 收到 ticker 消息：embark::CrossTaskMessage { from_app = 2, seq = 8 }，累计收 8 条[0
m
[34m[info] [demo_apps.cpp:228 on_back] 请求切回 ClockApp：embark::Error::none[0m
[34m[info] [demo_apps.cpp:203 onPause] App settings 离开前台（enter 1, resume 0）[0m
[34m[info] [demo_apps.cpp:113 onResume] App clock 回到前台（enter 1, resume 1）[0m
[34m[info] [ui_tour.cpp:308 ui_main] ◆ 前台切换完成（第 55 帧，累计 2 次）：现在前台是 clock[0m
[34m[info] [ui_tour.cpp:310 ui_main]    钩子序：clock enter/resume = 1/1，settings enter/resume = 1/0[0m
[34m[info] [demo_apps.cpp:259 onBackgroundTick] ticker 后台任务：embark::CrossTaskMessage { from_app = 2, seq = 9 }（now=917
 ms）[0m
[34m[info] [demo_apps.cpp:270 onMessage] UI 收到 ticker 消息：embark::CrossTaskMessage { from_app = 2, seq = 9 }，累计收 9 条[0
m
[34m[info] [demo_apps.cpp:152 enter_blinking_off] clock 状态机 -> led off[0m
[34m[info] [ui_tour.cpp:368 ui_main] ===== 第 8 步 / 跨任务的真实切换：ticker 后台任务 → UI 任务 =====[0m
[34m[info] [ui_tour.cpp:369 ui_main]  ticker 发送 9 条，UI 收到 9 条（跨任务消息经 SPSC 队列进 UI 收件箱）[0m
[34m[info] [demo_apps.cpp:259 onBackgroundTick] ticker 后台任务：embark::CrossTaskMessage { from_app = 2, seq = 10 }（now=98
1 ms）[0m
[34m[info] [demo_apps.cpp:270 onMessage] UI 收到 ticker 消息：embark::CrossTaskMessage { from_app = 2, seq = 10 }，累计收 10 条
[0m
[34m[info] [demo_apps.cpp:259 onBackgroundTick] ticker 后台任务：embark::CrossTaskMessage { from_app = 2, seq = 11 }（now=10
41 ms）[0m
[34m[info] [demo_apps.cpp:270 onMessage] UI 收到 ticker 消息：embark::CrossTaskMessage { from_app = 2, seq = 11 }，累计收 11 条
[0m
[34m[info] [ui_tour.cpp:326 ui_main]  第 2 次采样（第 70 帧）：clock ticks = 3（比第 1 次多 2，后台一直在跳）[0m
[34m[info] [ui_tour.cpp:375 ui_main] ===== 第 9 步 / 一次性 own_task：跑完 → 回收 → 再创建 =====[0m
[34m[info] [ui_tour.cpp:376 ui_main]  创建前：job 跑完 1 轮（boot 时按策略创建的那一轮），框架累计创建 2 / 回收 1[0m
[34m[info] [ui_tour.cpp:378 ui_main]  池账：running 1（ticker 的常驻任务占着 1 个槽）/ finished 0（不该有残留）/ 空闲槽 1[0m
[34m[info] [ui_tour.cpp:381 ui_main]  运行期再创建一次：spawn_own_task(job)[0m
[34m[info] [ui_tour.cpp:383 ui_main]   → embark::Error::none（累计创建 3；它跑完返回后，框架在下一帧的回收段把槽位还池）[0m
[34m[info] [demo_apps.cpp:300 onBackgroundTick] job 后台任务：第 2 轮跑完（now=1090 ms）—— 入口即将返回，槽位等 UI 任务回收[0m
[34m[info] [demo_apps.cpp:259 onBackgroundTick] ticker 后台任务：embark::CrossTaskMessage { from_app = 2, seq = 12 }（now=11
05 ms）[0m
[34m[info] [demo_apps.cpp:270 onMessage] UI 收到 ticker 消息：embark::CrossTaskMessage { from_app = 2, seq = 12 }，累计收 12 条
[0m
[34m[info] [demo_apps.cpp:147 enter_blinking_on] clock 状态机 -> led on[0m
[34m[info] [demo_apps.cpp:259 onBackgroundTick] ticker 后台任务：embark::CrossTaskMessage { from_app = 2, seq = 13 }（now=11
67 ms）[0m
[34m[info] [demo_apps.cpp:270 onMessage] UI 收到 ticker 消息：embark::CrossTaskMessage { from_app = 2, seq = 13 }，累计收 13 条
[0m
[34m[info] [ui_tour.cpp:389 ui_main] ===== 第 10 步 / 模拟用户关窗（SDL_QUIT）=====[0m
[34m[info] [ui_tour.cpp:300 ui_main]  第 88 帧：framework.exit_requested() 为真 → 退出帧循环，进入收尾[0m
[34m[info] [ui_tour.cpp:410 ui_main] ===== 收尾 / 统计与自检 =====[0m
[34m[info] [ui_tour.cpp:411 ui_main]  显示：刷新 58 次（1056226 字节），Present 58 次；窗口 240×320[0m
[34m[info] [ui_tour.cpp:414 ui_main]  前台：clock；切换 2 次；clock enter 1/resume 1/ticks 4/brightness 1[0m
[34m[info] [ui_tour.cpp:418 ui_main]  settings enter 1/resume 0；ticker 发送 13 / UI 收到 13；收件箱溢出 0 次[0m
[34m[info] [ui_tour.cpp:421 ui_main]  任务生命周期：job 跑完 2 轮；框架累计创建 3 / 回收 2；池 running 1 / finished 0 / 空闲槽 1[0m
[34m[info] [ui_tour.cpp:426 ui_main]  总线：发布 14 条，无人接收 0 条；输入丢弃 0，忽略按键 0[0m
[34m[info] [ui_tour.cpp:431 ui_main]  LVGL 堆：分配 317 次，峰值 14344 字节，退出前未回收 10294 字节（预算 262144）；UI 任务栈余量 2045 字[0m
[34m[info] [ui_tour.cpp:438 ui_main]  自检清单（全部通过 = 这轮系统用例成功）：[0m
[34m[info] [ui_tour.cpp:212 check]  [通过] 唯一 UI 任务活着并跑完帧循环：实测 88（期望 87）[0m
[34m[info] [ui_tour.cpp:212 check]  [通过] 后台节拍持续（clock ticks）：实测 4（期望 1）[0m
[34m[info] [ui_tour.cpp:212 check]  [通过] 前台切换次数（clock→settings→clock）：实测 2（期望 2）[0m
[34m[info] [ui_tour.cpp:212 check]  [通过] clock 进场/复场（onEnter 1 次 / onResume 1 次）：实测 1（期望 1）[0m
[34m[info] [ui_tour.cpp:212 check]  [通过] settings 进场（onEnter 1 次 / onResume 0 次）：实测 1（期望 1）[0m
[34m[info] [ui_tour.cpp:212 check]  [通过] App 间消息到达（clock brightness）：实测 1（期望 1）[0m
[34m[info] [ui_tour.cpp:212 check]  [通过] own_task 消息回流（发送/收到都 > 0）：实测 13（期望 1）[0m
[34m[info] [ui_tour.cpp:212 check]  [通过] 收件箱无溢出：实测 0（期望 0）[0m
[34m[info] [ui_tour.cpp:212 check]  [通过] 一次性任务跑完并回收（job 轮数 / 创建 / 回收）：实测 2（期望 2）[0m
[34m[info] [ui_tour.cpp:212 check]  [通过] 常驻任务之外的槽位全部空闲（finished 残留 = 0）：实测 1（期望 1）[0m
[34m[info] [ui_tour.cpp:467 ui_main] ===== 全流程通过：启动 → 后台节拍 → 前台切换 → 消息 → 关窗收尾 =====[0m
[34m[info] [demo_apps.cpp:108 onPause] App clock 离开前台（enter 1, resume 1）[0m
[34m[info] [demo_apps.cpp:118 onExit] App clock onExit[0m
[34m[info] [demo_apps.cpp:213 onExit] App settings onExit[0m
[34m[info] [demo_apps.cpp:274 onExit] App ticker onExit[0m
[34m[info] [hello_app.cpp:45 onExit] App hello onExit[0m
[34m[info] [demo_apps.cpp:305 onExit] App job onExit[0m
[34m[info] [lvgl_ui_port.cpp:59 shutdown] UI 端口收尾：LVGL 未回收 10294 字节（预算 262144）[0m
